12-20 14:34:14.670 20248 32472 I System.out: name=com.huawei.android.totemweather  versioncode=51083
12-20 14:34:14.680 20248 32472 I System.out: name=com.netease.my.kkk2  versioncode=10320
12-20 14:34:14.710 20248 32472 I System.out: name=com.android.providers.downloads  versioncode=19
12-20 14:34:14.720 20248 32472 I System.out: name=com.android.phasebeam  versioncode=1
12-20 14:34:14.730 20248 32472 I System.out: name=com.tencent.mtt  versioncode=601560
12-20 14:34:14.770 20248 32472 I System.out: name=com.screenovate.server.internal.protocols  versioncode=1
12-20 14:34:14.780 20248 32472 I System.out: name=com.android.soundrecorder  versioncode=6101
12-20 14:34:14.790 20248 32472 I System.out: name=com.cootek.smartdialer_oem_module  versioncode=4600
12-20 14:34:14.810 20248 32472 I System.out: name=com.huawei.android.ds  versioncode=3314003
12-20 14:34:14.820 20248 32472 I System.out: name=com.rxnetworks.pgpsdownloader  versioncode=6
12-20 14:34:14.830 20248 32472 I System.out: name=com.android.inputmethod.latin  versioncode=19
12-20 14:34:14.850 20248 32472 I System.out: name=com.google.android.onetimeinitializer  versioncode=19
12-20 14:34:14.860 20248 32472 I System.out: name=com.google.android.partnersetup  versioncode=19
12-20 14:34:14.870 20248 32472 I System.out: name=com.huawei.android.gpms  versioncode=1
12-20 14:34:14.890 20248 32472 I System.out: name=com.android.proxyhandler  versioncode=19
12-20 14:34:14.900 20248 32472 I System.out: name=com.easou.androidhelper  versioncode=1431
12-20 14:34:14.910 20248 32472 I System.out: name=com.huawei.KoBackup  versioncode=63105003
12-20 14:34:14.930 20248 32472 I System.out: name=com.android.inputdevices  versioncode=19
12-20 14:34:14.940 20248 32472 I System.out: name=com.android.wallpaper.holospiral  versioncode=19
12-20 14:34:14.950 20248 32472 I System.out: name=com.google.android.feedback  versioncode=19
12-20 14:34:14.970 20248 32472 I System.out: name=com.huawei.lcagent  versioncode=11006
12-20 14:34:14.980 20248 32472 I System.out: name=com.android.stk  versioncode=19
12-20 14:34:14.990 20248 32472 I System.out: name=com.huawei.omacp  versioncode=1
12-20 14:34:15.010 20248 32472 I System.out: name=com.huawei.android.airsharingcastclient  versioncode=2
12-20 14:34:15.020 20248 32472 I System.out: name=com.android.providers.userdictionary  versioncode=19
12-20 14:34:15.040 20248 32472 I System.out: name=com.ezjoynetwork.cavemanstorychinabeta  versioncode=2
12-20 14:34:15.050 20248 32472 I System.out: name=com.tencent.mobileqq  versioncode=264
12-20 14:34:15.070 20248 32472 I System.out: name=com.android.pacprocessor  versioncode=19
12-20 14:34:15.120 20248 32472 I System.out: name=com.huawei.android.temperaturemonitor2  versioncode=1
12-20 14:34:15.130 20248 32472 I System.out: name=androidhwext  versioncode=19
12-20 14:34:15.160 20248 32472 I System.out: name=com.android.galaxy4  versioncode=1
12-20 14:34:15.170 20248 32472 I System.out: name=com.android.printspooler  versioncode=1
12-20 14:34:15.190 20248 32472 I System.out: name=com.google.android.syncadapters.calendar  versioncode=16
12-20 14:34:15.200 20248 32472 I System.out: name=com.huawei.android.thirdpartyapplicationsobserver  versioncode=1
12-20 14:34:15.220 20248 32472 I System.out: name=android  versioncode=19
12-20 14:34:15.230 20248 32472 I System.out: name=com.android.providers.contacts  versioncode=121
12-20 14:34:15.250 20248 32472 I System.out: name=com.hw.sohu.newsclient.newswall  versioncode=1
12-20 14:34:15.260 20248 32472 I System.out: name=com.chaozh.iReaderFree  versioncode=431
12-20 14:34:15.280 20248 32472 I System.out: name=com.huawei.android.mewidget  versioncode=62029
12-20 14:34:15.300 20248 32472 I System.out: name=com.huawei.android.apkbatchinstall  versioncode=103
12-20 14:34:15.310 20248 32472 I System.out: name=com.baidu.map.location  versioncode=30
12-20 14:34:15.330 20248 32472 I System.out: name=com.android.protips  versioncode=1
12-20 14:34:15.350 20248 32472 I System.out: name=com.google.android.apps.uploader  versioncode=224000
12-20 14:34:15.360 20248 32472 I System.out: name=com.android.externalstorage  versioncode=19
12-20 14:34:15.380 20248 32472 I System.out: name=com.huawei.android.thememanager  versioncode=61081
12-20 14:34:15.400 20248 32472 I System.out: name=com.huawei.ChnUnicomAutoReg  versioncode=1
12-20 14:34:15.410 20248 32472 I System.out: name=com.android.dreams.basic  versioncode=19
12-20 14:34:15.430 20248 32472 I System.out: name=com.sdu.didi.psnger  versioncode=96
12-20 14:34:15.450 20248 32472 I System.out: name=com.pandadastudio.runningman  versioncode=14
12-20 14:34:15.470 20248 32472 I System.out: name=com.hw.sohu.newsclient  versioncode=1
12-20 14:34:15.480 20248 32472 I System.out: name=com.android.vending  versioncode=80240022
12-20 14:34:15.500 20248 32472 I System.out: name=com.huawei.android.calendarwidget  versioncode=50063
12-20 14:34:15.510 20248 32472 I System.out: name=com.huawei.android.FMRadio  versioncode=6101
12-20 14:34:15.640 20248 32472 I System.out: name=com.android.systemui  versioncode=19
12-20 14:34:15.660 20248 32472 I System.out: name=com.huawei.android.multiscreen  versioncode=1119
12-20 14:34:15.680 20248 32472 I System.out: name=com.android.keychain  versioncode=19
12-20 14:34:15.700 20248 32472 I System.out: name=com.huawei.vassistant  versioncode=23108
12-20 14:34:15.710 20248 32472 I System.out: name=com.wandoujia.phoenix2  versioncode=8061
12-20 14:34:15.750 32492 32492 E memtrack: Couldn't load memtrack module (No such file or directory)
12-20 14:34:15.750 32492 32492 E android.os.Debug: failed to load memtrack module: -2
12-20 14:34:15.750 20248 32472 I System.out: name=com.google.android.gm  versioncode=55008623
12-20 14:34:15.770 20248 32472 I System.out: name=com.huawei.android.UnicomCustomApk  versioncode=1
12-20 14:34:15.790 20248 32472 I System.out: name=com.android.smspush  versioncode=19
12-20 14:34:15.800 20248 32472 I System.out: name=com.huawei.vdrive  versioncode=10127
12-20 14:34:15.810 20248 32472 I System.out: name=com.android.wallpaper  versioncode=19
12-20 14:34:15.830 20248 32472 I System.out: name=com.mt.mtxx.mtxx  versioncode=460
12-20 14:34:15.840 20248 32472 I System.out: name=eu.chainfire.supersu  versioncode=249
12-20 14:34:15.840 32492 32492 I android_hardware_fm.cpp: ----Inside int register_android_hardware_fm_fmradio(JNIEnv*)----
12-20 14:34:15.850 32492 32492 I android_hardware_fm.cpp: register_android_hardware_fm_fmradio, ret is 0
12-20 14:34:15.860 20248 32472 I System.out: name=com.google.android.syncadapters.bookmarks  versioncode=18
12-20 14:34:15.880 20248 32472 I System.out: name=com.benbear.y3  versioncode=1
12-20 14:34:15.900 20248 32472 I System.out: name=com.android.deskclock  versioncode=6101
12-20 14:34:15.910 20248 32472 I System.out: name=com.huawei.appmarket  versioncode=6315106
12-20 14:34:15.930 20248 32472 I System.out: name=com.google.android.gsf  versioncode=19
12-20 14:34:15.960 20248 32472 I System.out: name=com.huawei.hidisk  versioncode=63103003
12-20 14:34:15.970 20248 32472 I System.out: name=com.android.keyguard  versioncode=19
12-20 14:34:15.990 20248 32472 I System.out: name=com.achievo.vipshop  versioncode=343
12-20 14:34:16.000 20248 32472 I System.out: name=com.android.facelock  versioncode=19
12-20 14:34:16.020 20248 32472 I System.out: name=com.qihoo.yunpan  versioncode=6327
12-20 14:34:16.020 32495 32495 E memtrack: Couldn't load memtrack module (No such file or directory)
12-20 14:34:16.020 32495 32495 E android.os.Debug: failed to load memtrack module: -2
12-20 14:34:16.030 20248 32472 I System.out: name=com.android.shell  versioncode=19
12-20 14:34:16.050 20248 32472 I System.out: name=com.huawei.android.dlna  versioncode=12654
12-20 14:34:16.060 20248 32472 I System.out: name=com.tiantian.android.player.video  versioncode=1217
12-20 14:34:16.080 20248 32472 I System.out: name=com.example.cc  versioncode=1
12-20 14:34:16.090 32495 32495 I android_hardware_fm.cpp: ----Inside int register_android_hardware_fm_fmradio(JNIEnv*)----
12-20 14:34:16.090 32495 32495 I android_hardware_fm.cpp: register_android_hardware_fm_fmradio, ret is 0
12-20 14:34:16.100 20248 32472 I System.out: name=com.huawei.android.wfdft  versioncode=6008
12-20 14:34:16.110 20248 32472 I System.out: name=com.google.android.syncadapters.contacts  versioncode=19
12-20 14:34:16.130 20248 32472 I System.out: name=com.google.android.backup  versioncode=19
12-20 14:34:16.140 20248 32472 I System.out: name=com.huawei.android.launcher  versioncode=62011
12-20 14:34:17.270   574   618 E WifiHW  : wifi_send_command ret:0
12-20 14:34:18.090 32593 32593 E memtrack: Couldn't load memtrack module (No such file or directory)
12-20 14:34:18.090 32593 32593 E android.os.Debug: failed to load memtrack module: -2
12-20 14:34:18.150 32593 32593 I android_hardware_fm.cpp: ----Inside int register_android_hardware_fm_fmradio(JNIEnv*)----
12-20 14:34:18.150 32593 32593 I android_hardware_fm.cpp: register_android_hardware_fm_fmradio, ret is 0
12-20 14:34:20.270   574   618 E WifiHW  : wifi_send_command ret:0
12-20 14:34:20.820   133   133 E v_hwc   : overlay_compose_check_ddr_freq: K3FB_OVC_CHECK_DDR_FREQ failed!
12-20 14:34:21.880   133   133 E v_hwc   : overlay_compose_check_ddr_freq: K3FB_OVC_CHECK_DDR_FREQ failed!
12-20 14:34:22.050 32382 32382 I Process : Sending signal. PID: 32382 SIG: 9
12-20 14:34:23.280   574   618 E WifiHW  : wifi_send_command ret:0
12-20 14:34:26.290   574   618 E WifiHW  : wifi_send_command ret:0
12-20 14:34:27.910   133   133 E v_hwc   : overlay_compose_check_ddr_freq: K3FB_OVC_CHECK_DDR_FREQ failed!
12-20 14:34:28.940   133   133 E v_hwc   : overlay_compose_check_ddr_freq: K3FB_OVC_CHECK_DDR_FREQ failed!
12-20 14:34:29.300   574   618 E WifiHW  : wifi_send_command ret:0
12-20 14:34:32.320   574   618 E WifiHW  : wifi_send_command ret:0
12-20 14:34:32.960   133   133 E v_hwc   : overlay_compose_check_ddr_freq: K3FB_OVC_CHECK_DDR_FREQ failed!
12-20 14:34:35.040   133   133 E v_hwc   : overlay_compose_check_ddr_freq: K3FB_OVC_CHECK_DDR_FREQ failed!
12-20 14:34:35.330   574   618 E WifiHW  : wifi_send_command ret:0
12-20 14:34:36.080   133   133 E v_hwc   : overlay_compose_check_ddr_freq: K3FB_OVC_CHECK_DDR_FREQ failed!
12-20 14:34:37.130   133   133 E v_hwc   : overlay_compose_check_ddr_freq: K3FB_OVC_CHECK_DDR_FREQ failed!
12-20 14:34:38.190   133   133 E v_hwc   : overlay_compose_check_ddr_freq: K3FB_OVC_CHECK_DDR_FREQ failed!
12-20 14:34:38.340   574   618 E WifiHW  : wifi_send_command ret:0
12-20 14:34:39.260   133   133 E v_hwc   : overlay_compose_check_ddr_freq: K3FB_OVC_CHECK_DDR_FREQ failed!
12-20 14:34:39.410   133   133 E v_hwc   : overlay_compose_check_ddr_freq: K3FB_OVC_CHECK_DDR_FREQ failed!
12-20 14:34:40.220  1048  1048 E HwSystemManager: :ACTION_BATTERY_CHANGED pluged =2
12-20 14:34:40.240   846   846 E TemperatureMonitor2: BatteryTemp=320
12-20 14:34:40.430   133   133 E v_hwc   : overlay_compose_check_ddr_freq: K3FB_OVC_CHECK_DDR_FREQ failed!
12-20 14:34:40.460   133   133 E v_hwc   : overlay_compose_check_ddr_freq: K3FB_OVC_CHECK_DDR_FREQ failed!
12-20 14:34:40.610 28405 28405 W AwContents: nativeOnDraw failed; clearing to background color.
12-20 14:34:40.640   133   133 E v_hwc   : overlay_compose_check_ddr_freq: K3FB_OVC_CHECK_DDR_FREQ failed!
12-20 14:34:40.690 28405 28405 I chromium: [INFO:CONSOLE(0)] "Document was loaded from Application Cache with manifest http://mobads.baidu.com/ads/ads.appcache", source: http://mobads.baidu.com/ads/index.htm (0)
12-20 14:34:40.690 28405 28405 I chromium: [INFO:CONSOLE(0)] "Application Cache Checking event", source: http://mobads.baidu.com/ads/index.htm (0)
12-20 14:34:40.690 28405 28405 I chromium: [INFO:CONSOLE(0)] "Application Cache Checking event", source: http://mobads.baidu.com/ads/index.htm (0)
12-20 14:34:40.690 28405 28405 I chromium: [INFO:CONSOLE(0)] "Application Cache Checking event", source: http://mobads.baidu.com/ads/index.htm (0)
12-20 14:34:40.690 28405 28405 I chromium: [INFO:CONSOLE(0)] "Application Cache Checking event", source: http://mobads.baidu.com/ads/index.htm (0)
12-20 14:34:40.920  1048  1156 I HwSystemManager: HoldService:mRequestCount =  1
12-20 14:34:40.920  1048  1156 I HwSystemManager: HoldService:preHoldShow start!
12-20 14:34:40.920  1048  1156 I HwSystemManager: HoldService:The prePermissionType is: 1
12-20 14:34:40.920  1048  5992 I HwSystemManager: HoldService:mRequestCount =  1
12-20 14:34:40.930  1048  5992 I HwSystemManager: HoldService:preHoldShow start!
12-20 14:34:40.930  1048  5992 I HwSystemManager: HoldService:The prePermissionType is: 1
12-20 14:34:40.930  1048  1059 I HwSystemManager: HoldService:mRequestCount =  1
12-20 14:34:40.930  1048  1059 I HwSystemManager: HoldService:preHoldShow start!
12-20 14:34:40.930  1048  1059 I HwSystemManager: HoldService:The prePermissionType is: 1
12-20 14:34:40.950  1048  9574 I HwSystemManager: HoldService:mRequestCount =  1
12-20 14:34:40.950  1048  9574 I HwSystemManager: HoldService:preHoldShow start!
12-20 14:34:40.950  1048  9574 I HwSystemManager: HoldService:The prePermissionType is: 1
12-20 14:34:40.960 28405 28602 I Mobads SDK:  Request_ID = e62ef395a84580b5ea7548c714997a25; AppID = a9b34ae9; AdPlaceId = 
12-20 14:34:40.960  1048  1156 I HwSystemManager: HoldService:mRequestCount =  1
12-20 14:34:40.970  1048  1156 I HwSystemManager: HoldService:preHoldShow start!
12-20 14:34:40.970  1048  1156 I HwSystemManager: HoldService:The prePermissionType is: 1
12-20 14:34:40.970  1048  5992 I HwSystemManager: HoldService:mRequestCount =  1
12-20 14:34:40.970  1048  5992 I HwSystemManager: HoldService:preHoldShow start!
12-20 14:34:40.970  1048  5992 I HwSystemManager: HoldService:The prePermissionType is: 1
12-20 14:34:41.070   133   133 E v_hwc   : overlay_compose_check_ddr_freq: K3FB_OVC_CHECK_DDR_FREQ failed!
12-20 14:34:41.320   133   133 E v_hwc   : overlay_compose_check_ddr_freq: K3FB_OVC_CHECK_DDR_FREQ failed!
12-20 14:34:41.350   574   618 E WifiHW  : wifi_send_command ret:0
12-20 14:34:41.610   133   133 E v_hwc   : overlay_compose_check_ddr_freq: K3FB_OVC_CHECK_DDR_FREQ failed!
12-20 14:34:41.740   133   133 E v_hwc   : overlay_compose_check_ddr_freq: K3FB_OVC_CHECK_DDR_FREQ failed!
12-20 14:34:42.230   133   133 E v_hwc   : overlay_compose_check_ddr_freq: K3FB_OVC_CHECK_DDR_FREQ failed!
12-20 14:34:43.420   133   133 E v_hwc   : overlay_compose_check_ddr_freq: K3FB_OVC_CHECK_DDR_FREQ failed!
12-20 14:34:43.830 28405 28405 I chromium: [INFO:CONSOLE(0)] "Application Cache NoUpdate event", source: http://mobads.baidu.com/ads/index.htm (0)
12-20 14:34:43.830 28405 28405 I chromium: [INFO:CONSOLE(0)] "Application Cache NoUpdate event", source: http://mobads.baidu.com/ads/index.htm (0)
12-20 14:34:43.830 28405 28405 I chromium: [INFO:CONSOLE(0)] "Application Cache NoUpdate event", source: http://mobads.baidu.com/ads/index.htm (0)
12-20 14:34:44.360   574   618 E WifiHW  : wifi_send_command ret:0
12-20 14:34:44.460   133   133 E v_hwc   : overlay_compose_check_ddr_freq: K3FB_OVC_CHECK_DDR_FREQ failed!
12-20 14:34:44.500   141   165 E logserver: Recvfrom netlink message failed, errno = 11
12-20 14:34:47.370   574   618 E WifiHW  : wifi_send_command ret:0
12-20 14:34:48.490   133   133 E v_hwc   : overlay_compose_check_ddr_freq: K3FB_OVC_CHECK_DDR_FREQ failed!
12-20 14:34:49.140   846  2018 W TemperatureMonitor2: Leave 48'C at 2881:55
12-20 14:34:49.140   846  2018 W TemperatureMonitor2: Leave 47'C at 2881:55
12-20 14:34:50.380   574   618 E WifiHW  : wifi_send_command ret:0
12-20 14:34:50.530   133   133 E v_hwc   : overlay_compose_check_ddr_freq: K3FB_OVC_CHECK_DDR_FREQ failed!
12-20 14:34:51.560   133   133 E v_hwc   : overlay_compose_check_ddr_freq: K3FB_OVC_CHECK_DDR_FREQ failed!
12-20 14:34:52.540   133   133 E v_hwc   : overlay_compose_check_ddr_freq: K3FB_OVC_CHECK_DDR_FREQ failed!
12-20 14:34:53.390   574   618 E WifiHW  : wifi_send_command ret:0
12-20 14:34:56.410   574   618 E WifiHW  : wifi_send_command ret:0
12-20 14:34:59.420   574   618 E WifiHW  : wifi_send_command ret:0
12-20 14:35:00.180   133   133 E v_hwc   : overlay_compose_check_ddr_freq: K3FB_OVC_CHECK_DDR_FREQ failed!
12-20 14:35:01.480   574   697 W System.err: java.lang.IllegalArgumentException
12-20 14:35:01.480   574   697 W System.err: 	at com.android.server.MountService.getVolumeState(MountService.java:1718)
12-20 14:35:01.480   574   697 W System.err: 	at android.os.storage.IMountService$Stub.onTransact(IMountService.java:943)
12-20 14:35:01.480   574   697 W System.err: 	at android.os.Binder.execTransact(Binder.java:404)
12-20 14:35:01.480   574   697 W System.err: 	at dalvik.system.NativeStart.run(Native Method)
12-20 14:35:01.480   574   857 W System.err: java.lang.IllegalArgumentException
12-20 14:35:01.490   574   857 W System.err: 	at com.android.server.MountService.getVolumeState(MountService.java:1718)
12-20 14:35:01.490   574   857 W System.err: 	at android.os.storage.IMountService$Stub.onTransact(IMountService.java:943)
12-20 14:35:01.490   574   857 W System.err: 	at android.os.Binder.execTransact(Binder.java:404)
12-20 14:35:01.490   574   857 W System.err: 	at dalvik.system.NativeStart.run(Native Method)
12-20 14:35:01.490   574 10507 W System.err: java.lang.IllegalArgumentException
12-20 14:35:01.490   574 10507 W System.err: 	at com.android.server.MountService.getVolumeState(MountService.java:1718)
12-20 14:35:01.490   574 10507 W System.err: 	at android.os.storage.IMountService$Stub.onTransact(IMountService.java:943)
12-20 14:35:01.490   574 10507 W System.err: 	at android.os.Binder.execTransact(Binder.java:404)
12-20 14:35:01.490   574 10507 W System.err: 	at dalvik.system.NativeStart.run(Native Method)
12-20 14:35:01.490   574   875 W System.err: java.lang.IllegalArgumentException
12-20 14:35:01.490   574   875 W System.err: 	at com.android.server.MountService.getVolumeState(MountService.java:1718)
12-20 14:35:01.490   574   875 W System.err: 	at android.os.storage.IMountService$Stub.onTransact(IMountService.java:943)
12-20 14:35:01.490   574   875 W System.err: 	at android.os.Binder.execTransact(Binder.java:404)
12-20 14:35:01.490   574   875 W System.err: 	at dalvik.system.NativeStart.run(Native Method)
12-20 14:35:01.490   574   876 W System.err: java.lang.IllegalArgumentException
12-20 14:35:01.490   574   876 W System.err: 	at com.android.server.MountService.getVolumeState(MountService.java:1718)
12-20 14:35:01.490   574   876 W System.err: 	at android.os.storage.IMountService$Stub.onTransact(IMountService.java:943)
12-20 14:35:01.490   574   876 W System.err: 	at android.os.Binder.execTransact(Binder.java:404)
12-20 14:35:01.490   574   876 W System.err: 	at dalvik.system.NativeStart.run(Native Method)
12-20 14:35:01.490   574   835 W System.err: java.lang.IllegalArgumentException
12-20 14:35:01.490   574   835 W System.err: 	at com.android.server.MountService.getVolumeState(MountService.java:1718)
12-20 14:35:01.490   574   835 W System.err: 	at android.os.storage.IMountService$Stub.onTransact(IMountService.java:943)
12-20 14:35:01.490   574   835 W System.err: 	at android.os.Binder.execTransact(Binder.java:404)
12-20 14:35:01.490   574   835 W System.err: 	at dalvik.system.NativeStart.run(Native Method)
12-20 14:35:01.490   574  9953 W System.err: java.lang.IllegalArgumentException
12-20 14:35:01.490   574  9953 W System.err: 	at com.android.server.MountService.getVolumeState(MountService.java:1718)
12-20 14:35:01.490   574  9953 W System.err: 	at android.os.storage.IMountService$Stub.onTransact(IMountService.java:943)
12-20 14:35:01.490   574  9953 W System.err: 	at android.os.Binder.execTransact(Binder.java:404)
12-20 14:35:01.490   574  9953 W System.err: 	at dalvik.system.NativeStart.run(Native Method)
12-20 14:35:01.490   574   834 W System.err: java.lang.IllegalArgumentException
12-20 14:35:01.490   574   834 W System.err: 	at com.android.server.MountService.getVolumeState(MountService.java:1718)
12-20 14:35:01.490   574   834 W System.err: 	at android.os.storage.IMountService$Stub.onTransact(IMountService.java:943)
12-20 14:35:01.490   574   834 W System.err: 	at android.os.Binder.execTransact(Binder.java:404)
12-20 14:35:01.490   574   834 W System.err: 	at dalvik.system.NativeStart.run(Native Method)
12-20 14:35:01.490   574   704 W System.err: java.lang.IllegalArgumentException
12-20 14:35:01.490   574   704 W System.err: 	at com.android.server.MountService.getVolumeState(MountService.java:1718)
12-20 14:35:01.490   574   704 W System.err: 	at android.os.storage.IMountService$Stub.onTransact(IMountService.java:943)
12-20 14:35:01.490   574   704 W System.err: 	at android.os.Binder.execTransact(Binder.java:404)
12-20 14:35:01.490   574   704 W System.err: 	at dalvik.system.NativeStart.run(Native Method)
12-20 14:35:01.500   574 16011 W System.err: java.lang.IllegalArgumentException
12-20 14:35:01.500   574 16011 W System.err: 	at com.android.server.MountService.getVolumeState(MountService.java:1718)
12-20 14:35:01.500   574 16011 W System.err: 	at android.os.storage.IMountService$Stub.onTransact(IMountService.java:943)
12-20 14:35:01.500   574 16011 W System.err: 	at android.os.Binder.execTransact(Binder.java:404)
12-20 14:35:01.500   574 16011 W System.err: 	at dalvik.system.NativeStart.run(Native Method)
12-20 14:35:01.500   574   584 W System.err: java.lang.IllegalArgumentException
12-20 14:35:01.500   574   584 W System.err: 	at com.android.server.MountService.getVolumeState(MountService.java:1718)
12-20 14:35:01.500   574   584 W System.err: 	at android.os.storage.IMountService$Stub.onTransact(IMountService.java:943)
12-20 14:35:01.500   574   584 W System.err: 	at android.os.Binder.execTransact(Binder.java:404)
12-20 14:35:01.500   574   584 W System.err: 	at dalvik.system.NativeStart.run(Native Method)
12-20 14:35:01.500   574   855 W System.err: java.lang.IllegalArgumentException
12-20 14:35:01.500   574   855 W System.err: 	at com.android.server.MountService.getVolumeState(MountService.java:1718)
12-20 14:35:01.500   574   855 W System.err: 	at android.os.storage.IMountService$Stub.onTransact(IMountService.java:943)
12-20 14:35:01.500   574   855 W System.err: 	at android.os.Binder.execTransact(Binder.java:404)
12-20 14:35:01.500   574   855 W System.err: 	at dalvik.system.NativeStart.run(Native Method)
12-20 14:35:01.500   574   585 W System.err: java.lang.IllegalArgumentException
12-20 14:35:01.500   574   585 W System.err: 	at com.android.server.MountService.getVolumeState(MountService.java:1718)
12-20 14:35:01.500   574   585 W System.err: 	at android.os.storage.IMountService$Stub.onTransact(IMountService.java:943)
12-20 14:35:01.500   574   585 W System.err: 	at android.os.Binder.execTransact(Binder.java:404)
12-20 14:35:01.500   574   585 W System.err: 	at dalvik.system.NativeStart.run(Native Method)
12-20 14:35:01.600  1048  1058 I HwSystemManager: HoldService:mRequestCount =  1
12-20 14:35:01.610  1048  1058 I HwSystemManager: HoldService:preHoldShow start!
12-20 14:35:01.610  1048  1058 I HwSystemManager: HoldService:The prePermissionType is: 1
12-20 14:35:01.620  1048  1377 I HwSystemManager: HoldService:mRequestCount =  1
12-20 14:35:01.630  1048  1377 I HwSystemManager: HoldService:preHoldShow start!
12-20 14:35:01.630  1048  1377 I HwSystemManager: HoldService:The prePermissionType is: 1
12-20 14:35:01.640  1048  9574 I HwSystemManager: HoldService:mRequestCount =  1
12-20 14:35:01.650  1048  9574 I HwSystemManager: HoldService:preHoldShow start!
12-20 14:35:01.650  1048  9574 I HwSystemManager: HoldService:The prePermissionType is: 1
12-20 14:35:01.800  1048  1377 I HwSystemManager: HoldService:mRequestCount =  1
12-20 14:35:01.800  1048  1377 I HwSystemManager: HoldService:preHoldShow start!
12-20 14:35:01.800  1048  1377 I HwSystemManager: HoldService:The prePermissionType is: 1
12-20 14:35:01.940   574   585 W System.err: java.lang.IllegalArgumentException
12-20 14:35:01.940   574   585 W System.err: 	at com.android.server.MountService.getVolumeState(MountService.java:1718)
12-20 14:35:01.940   574   585 W System.err: 	at android.os.storage.IMountService$Stub.onTransact(IMountService.java:943)
12-20 14:35:01.940   574   585 W System.err: 	at android.os.Binder.execTransact(Binder.java:404)
12-20 14:35:01.940   574   585 W System.err: 	at dalvik.system.NativeStart.run(Native Method)
12-20 14:35:01.940   574 10228 W System.err: java.lang.IllegalArgumentException
12-20 14:35:01.940   574 10228 W System.err: 	at com.android.server.MountService.getVolumeState(MountService.java:1718)
12-20 14:35:01.940   574 10228 W System.err: 	at android.os.storage.IMountService$Stub.onTransact(IMountService.java:943)
12-20 14:35:01.940   574 10228 W System.err: 	at android.os.Binder.execTransact(Binder.java:404)
12-20 14:35:01.940   574 10228 W System.err: 	at dalvik.system.NativeStart.run(Native Method)
12-20 14:35:01.940   574   626 W System.err: java.lang.IllegalArgumentException
12-20 14:35:01.940   574   626 W System.err: 	at com.android.server.MountService.getVolumeState(MountService.java:1718)
12-20 14:35:01.940   574   626 W System.err: 	at android.os.storage.IMountService$Stub.onTransact(IMountService.java:943)
12-20 14:35:01.940   574   626 W System.err: 	at android.os.Binder.execTransact(Binder.java:404)
12-20 14:35:01.940   574   626 W System.err: 	at dalvik.system.NativeStart.run(Native Method)
12-20 14:35:01.940   574   697 W System.err: java.lang.IllegalArgumentException
12-20 14:35:01.940   574   697 W System.err: 	at com.android.server.MountService.getVolumeState(MountService.java:1718)
12-20 14:35:01.940   574   697 W System.err: 	at android.os.storage.IMountService$Stub.onTransact(IMountService.java:943)
12-20 14:35:01.940   574   697 W System.err: 	at android.os.Binder.execTransact(Binder.java:404)
12-20 14:35:01.940   574   697 W System.err: 	at dalvik.system.NativeStart.run(Native Method)
12-20 14:35:01.940   574   857 W System.err: java.lang.IllegalArgumentException
12-20 14:35:01.940   574   857 W System.err: 	at com.android.server.MountService.getVolumeState(MountService.java:1718)
12-20 14:35:01.940   574   857 W System.err: 	at android.os.storage.IMountService$Stub.onTransact(IMountService.java:943)
12-20 14:35:01.940   574   857 W System.err: 	at android.os.Binder.execTransact(Binder.java:404)
12-20 14:35:01.940   574   857 W System.err: 	at dalvik.system.NativeStart.run(Native Method)
12-20 14:35:01.940   574   875 W System.err: java.lang.IllegalArgumentException
12-20 14:35:01.940   574   875 W System.err: 	at com.android.server.MountService.getVolumeState(MountService.java:1718)
12-20 14:35:01.940   574   875 W System.err: 	at android.os.storage.IMountService$Stub.onTransact(IMountService.java:943)
12-20 14:35:01.940   574   875 W System.err: 	at android.os.Binder.execTransact(Binder.java:404)
12-20 14:35:01.940   574   875 W System.err: 	at dalvik.system.NativeStart.run(Native Method)
12-20 14:35:01.940   574 10507 W System.err: java.lang.IllegalArgumentException
12-20 14:35:01.950   574 10507 W System.err: 	at com.android.server.MountService.getVolumeState(MountService.java:1718)
12-20 14:35:01.950   574 10507 W System.err: 	at android.os.storage.IMountService$Stub.onTransact(IMountService.java:943)
12-20 14:35:01.950   574 10507 W System.err: 	at android.os.Binder.execTransact(Binder.java:404)
12-20 14:35:01.950   574 10507 W System.err: 	at dalvik.system.NativeStart.run(Native Method)
12-20 14:35:01.950   574   876 W System.err: java.lang.IllegalArgumentException
12-20 14:35:01.950   574   876 W System.err: 	at com.android.server.MountService.getVolumeState(MountService.java:1718)
12-20 14:35:01.950   574   876 W System.err: 	at android.os.storage.IMountService$Stub.onTransact(IMountService.java:943)
12-20 14:35:01.950   574   876 W System.err: 	at android.os.Binder.execTransact(Binder.java:404)
12-20 14:35:01.950   574   876 W System.err: 	at dalvik.system.NativeStart.run(Native Method)
12-20 14:35:01.950   574   835 W System.err: java.lang.IllegalArgumentException
12-20 14:35:01.950   574   835 W System.err: 	at com.android.server.MountService.getVolumeState(MountService.java:1718)
12-20 14:35:01.950   574   835 W System.err: 	at android.os.storage.IMountService$Stub.onTransact(IMountService.java:943)
12-20 14:35:01.950   574   835 W System.err: 	at android.os.Binder.execTransact(Binder.java:404)
12-20 14:35:01.950   574   835 W System.err: 	at dalvik.system.NativeStart.run(Native Method)
12-20 14:35:01.950   574  9953 W System.err: java.lang.IllegalArgumentException
12-20 14:35:01.950   574  9953 W System.err: 	at com.android.server.MountService.getVolumeState(MountService.java:1718)
12-20 14:35:01.950   574  9953 W System.err: 	at android.os.storage.IMountService$Stub.onTransact(IMountService.java:943)
12-20 14:35:01.950   574  9953 W System.err: 	at android.os.Binder.execTransact(Binder.java:404)
12-20 14:35:01.950   574  9953 W System.err: 	at dalvik.system.NativeStart.run(Native Method)
12-20 14:35:01.950   574   584 W System.err: java.lang.IllegalArgumentException
12-20 14:35:01.950   574   584 W System.err: 	at com.android.server.MountService.getVolumeState(MountService.java:1718)
12-20 14:35:01.950   574   584 W System.err: 	at android.os.storage.IMountService$Stub.onTransact(IMountService.java:943)
12-20 14:35:01.950   574   584 W System.err: 	at android.os.Binder.execTransact(Binder.java:404)
12-20 14:35:01.950   574   584 W System.err: 	at dalvik.system.NativeStart.run(Native Method)
12-20 14:35:01.950   574   834 W System.err: java.lang.IllegalArgumentException
12-20 14:35:01.950   574   834 W System.err: 	at com.android.server.MountService.getVolumeState(MountService.java:1718)
12-20 14:35:01.950   574   834 W System.err: 	at android.os.storage.IMountService$Stub.onTransact(IMountService.java:943)
12-20 14:35:01.950   574   834 W System.err: 	at android.os.Binder.execTransact(Binder.java:404)
12-20 14:35:01.960   574   834 W System.err: 	at dalvik.system.NativeStart.run(Native Method)
12-20 14:35:01.960   574 16011 W System.err: java.lang.IllegalArgumentException
12-20 14:35:01.960   574 16011 W System.err: 	at com.android.server.MountService.getVolumeState(MountService.java:1718)
12-20 14:35:01.960   574 16011 W System.err: 	at android.os.storage.IMountService$Stub.onTransact(IMountService.java:943)
12-20 14:35:01.960   574 16011 W System.err: 	at android.os.Binder.execTransact(Binder.java:404)
12-20 14:35:01.960   574 16011 W System.err: 	at dalvik.system.NativeStart.run(Native Method)
12-20 14:35:02.430   574   618 E WifiHW  : wifi_send_command ret:0
12-20 14:35:02.470  1048  5992 I HwSystemManager: HoldService:mRequestCount =  1
12-20 14:35:02.480  1048  5992 I HwSystemManager: HoldService:preHoldShow start!
12-20 14:35:02.480  1048  5992 I HwSystemManager: HoldService:The prePermissionType is: 1
12-20 14:35:02.490  3599  3599 I SUPL20_LocMan: Phone type:GSM
12-20 14:35:02.490  3599  3599 I SUPL20_LocMan: Network Op Mnc= 0 MCC = 460
12-20 14:35:02.490  3599  3599 I SUPL20_LocMan:  cellInfo NetworkType:EDGE,2
12-20 14:35:02.490  3599  3599 I SUPL20_LocMan: Mnc:0 MCC:460 LAC:4136 CellID:38173
12-20 14:35:02.510  3599  3707 I SUPL20_SPIMESLP-SENDING: m_bPacket.length 60
12-20 14:35:05.440   574   618 E WifiHW  : wifi_send_command ret:0
12-20 14:35:07.630   133   133 E v_hwc   : overlay_compose_check_ddr_freq: K3FB_OVC_CHECK_DDR_FREQ failed!
12-20 14:35:08.460   574   618 E WifiHW  : wifi_send_command ret:0
12-20 14:35:08.660   133   133 E v_hwc   : overlay_compose_check_ddr_freq: K3FB_OVC_CHECK_DDR_FREQ failed!
12-20 14:35:09.250   846  2018 W TemperatureMonitor2: Leave 46'C at 2882:15
12-20 14:35:09.460   133   133 E v_hwc   : overlay_compose_check_ddr_freq: K3FB_OVC_CHECK_DDR_FREQ failed!
12-20 14:35:10.320  1048  1048 E HwSystemManager: :ACTION_BATTERY_CHANGED pluged =2
12-20 14:35:10.330   846   846 E TemperatureMonitor2: BatteryTemp=330
12-20 14:35:10.390   133   133 E v_hwc   : overlay_compose_check_ddr_freq: K3FB_OVC_CHECK_DDR_FREQ failed!
12-20 14:35:10.730 28405 28405 W AwContents: nativeOnDraw failed; clearing to background color.
12-20 14:35:10.740   133   133 E v_hwc   : overlay_compose_check_ddr_freq: K3FB_OVC_CHECK_DDR_FREQ failed!
12-20 14:35:10.850 28405 28405 I chromium: [INFO:CONSOLE(0)] "Document was loaded from Application Cache with manifest http://mobads.baidu.com/ads/ads.appcache", source: http://mobads.baidu.com/ads/index.htm (0)
12-20 14:35:10.850 28405 28405 I chromium: [INFO:CONSOLE(0)] "Application Cache Checking event", source: http://mobads.baidu.com/ads/index.htm (0)
12-20 14:35:10.850 28405 28405 I chromium: [INFO:CONSOLE(0)] "Application Cache Checking event", source: http://mobads.baidu.com/ads/index.htm (0)
12-20 14:35:10.850 28405 28405 I chromium: [INFO:CONSOLE(0)] "Application Cache Checking event", source: http://mobads.baidu.com/ads/index.htm (0)
12-20 14:35:10.850 28405 28405 I chromium: [INFO:CONSOLE(0)] "Application Cache Checking event", source: http://mobads.baidu.com/ads/index.htm (0)
12-20 14:35:11.070  1048  1156 I HwSystemManager: HoldService:mRequestCount =  1
12-20 14:35:11.080  1048  1156 I HwSystemManager: HoldService:preHoldShow start!
12-20 14:35:11.080  1048  1156 I HwSystemManager: HoldService:The prePermissionType is: 1
12-20 14:35:11.080  1048  5991 I HwSystemManager: HoldService:mRequestCount =  1
12-20 14:35:11.080  1048  5991 I HwSystemManager: HoldService:preHoldShow start!
12-20 14:35:11.080  1048  5991 I HwSystemManager: HoldService:The prePermissionType is: 1
12-20 14:35:11.090  1048  1377 I HwSystemManager: HoldService:mRequestCount =  1
12-20 14:35:11.090  1048  1377 I HwSystemManager: HoldService:preHoldShow start!
12-20 14:35:11.090  1048  1377 I HwSystemManager: HoldService:The prePermissionType is: 1
12-20 14:35:11.100  1048  1059 I HwSystemManager: HoldService:mRequestCount =  1
12-20 14:35:11.110  1048  1059 I HwSystemManager: HoldService:preHoldShow start!
12-20 14:35:11.110  1048  1059 I HwSystemManager: HoldService:The prePermissionType is: 1
12-20 14:35:11.120 28405 28602 I Mobads SDK:  Request_ID = fca2b9cfb024a0e5490b95c8c5b3d10f; AppID = a9b34ae9; AdPlaceId = 
12-20 14:35:11.120  1048  1156 I HwSystemManager: HoldService:mRequestCount =  1
12-20 14:35:11.120  1048  1156 I HwSystemManager: HoldService:preHoldShow start!
12-20 14:35:11.120  1048  1156 I HwSystemManager: HoldService:The prePermissionType is: 1
12-20 14:35:11.120  1048  5991 I HwSystemManager: HoldService:mRequestCount =  1
12-20 14:35:11.130  1048  5991 I HwSystemManager: HoldService:preHoldShow start!
12-20 14:35:11.130  1048  5991 I HwSystemManager: HoldService:The prePermissionType is: 1
12-20 14:35:11.140 28405 28405 I chromium: [INFO:CONSOLE(0)] "Application Cache NoUpdate event", source: http://mobads.baidu.com/ads/index.htm (0)
12-20 14:35:11.140 28405 28405 I chromium: [INFO:CONSOLE(0)] "Application Cache NoUpdate event", source: http://mobads.baidu.com/ads/index.htm (0)
12-20 14:35:11.140 28405 28405 I chromium: [INFO:CONSOLE(0)] "Application Cache NoUpdate event", source: http://mobads.baidu.com/ads/index.htm (0)
12-20 14:35:11.140 28405 28405 I chromium: [INFO:CONSOLE(0)] "Application Cache NoUpdate event", source: http://mobads.baidu.com/ads/index.htm (0)
12-20 14:35:11.220   133   133 E v_hwc   : overlay_compose_check_ddr_freq: K3FB_OVC_CHECK_DDR_FREQ failed!
12-20 14:35:11.460   574   618 E WifiHW  : wifi_send_command ret:0
12-20 14:35:11.490   133   133 E v_hwc   : overlay_compose_check_ddr_freq: K3FB_OVC_CHECK_DDR_FREQ failed!
12-20 14:35:11.720   133   133 E v_hwc   : overlay_compose_check_ddr_freq: K3FB_OVC_CHECK_DDR_FREQ failed!
12-20 14:35:11.790   133   133 E v_hwc   : overlay_compose_check_ddr_freq: K3FB_OVC_CHECK_DDR_FREQ failed!
12-20 14:35:12.240   133   133 E v_hwc   : overlay_compose_check_ddr_freq: K3FB_OVC_CHECK_DDR_FREQ failed!
12-20 14:35:12.320   133   133 E v_hwc   : overlay_compose_check_ddr_freq: K3FB_OVC_CHECK_DDR_FREQ failed!
12-20 14:35:14.470   574   618 E WifiHW  : wifi_send_command ret:0
12-20 14:35:17.490   574   618 E WifiHW  : wifi_send_command ret:0
12-20 14:35:19.710   133   133 E v_hwc   : overlay_compose_check_ddr_freq: K3FB_OVC_CHECK_DDR_FREQ failed!
12-20 14:35:20.490   574   618 E WifiHW  : wifi_send_command ret:0
12-20 14:35:21.710   133   133 E v_hwc   : overlay_compose_check_ddr_freq: K3FB_OVC_CHECK_DDR_FREQ failed!
12-20 14:35:22.710   133   133 E v_hwc   : overlay_compose_check_ddr_freq: K3FB_OVC_CHECK_DDR_FREQ failed!
12-20 14:35:23.500   574   618 E WifiHW  : wifi_send_command ret:0
12-20 14:35:25.760   133   133 E v_hwc   : overlay_compose_check_ddr_freq: K3FB_OVC_CHECK_DDR_FREQ failed!
12-20 14:35:26.510   574   618 E WifiHW  : wifi_send_command ret:0
12-20 14:35:26.790   133   133 E v_hwc   : overlay_compose_check_ddr_freq: K3FB_OVC_CHECK_DDR_FREQ failed!
12-20 14:35:27.830   133   133 E v_hwc   : overlay_compose_check_ddr_freq: K3FB_OVC_CHECK_DDR_FREQ failed!
12-20 14:35:28.880   133   133 E v_hwc   : overlay_compose_check_ddr_freq: K3FB_OVC_CHECK_DDR_FREQ failed!
12-20 14:35:29.520   574   618 E WifiHW  : wifi_send_command ret:0
12-20 14:35:32.540   574   618 E WifiHW  : wifi_send_command ret:0
12-20 14:35:35.550   574   618 E WifiHW  : wifi_send_command ret:0
12-20 14:35:36.930   133   133 E v_hwc   : overlay_compose_check_ddr_freq: K3FB_OVC_CHECK_DDR_FREQ failed!
12-20 14:35:37.960   133   133 E v_hwc   : overlay_compose_check_ddr_freq: K3FB_OVC_CHECK_DDR_FREQ failed!
12-20 14:35:38.560   574   618 E WifiHW  : wifi_send_command ret:0
12-20 14:35:39.440   133   133 E v_hwc   : overlay_compose_check_ddr_freq: K3FB_OVC_CHECK_DDR_FREQ failed!
12-20 14:35:39.990   133   133 E v_hwc   : overlay_compose_check_ddr_freq: K3FB_OVC_CHECK_DDR_FREQ failed!
12-20 14:35:40.730 28405 28405 W AwContents: nativeOnDraw failed; clearing to background color.
12-20 14:35:40.770   133   133 E v_hwc   : overlay_compose_check_ddr_freq: K3FB_OVC_CHECK_DDR_FREQ failed!
12-20 14:35:40.820   133   133 E v_hwc   : overlay_compose_check_ddr_freq: K3FB_OVC_CHECK_DDR_FREQ failed!
12-20 14:35:40.840 28405 28405 I chromium: [INFO:CONSOLE(0)] "Document was loaded from Application Cache with manifest http://mobads.baidu.com/ads/ads.appcache", source: http://mobads.baidu.com/ads/index.htm (0)
12-20 14:35:40.840 28405 28405 I chromium: [INFO:CONSOLE(0)] "Application Cache Checking event", source: http://mobads.baidu.com/ads/index.htm (0)
12-20 14:35:40.840 28405 28405 I chromium: [INFO:CONSOLE(0)] "Application Cache Checking event", source: http://mobads.baidu.com/ads/index.htm (0)
12-20 14:35:40.840 28405 28405 I chromium: [INFO:CONSOLE(0)] "Application Cache Checking event", source: http://mobads.baidu.com/ads/index.htm (0)
12-20 14:35:40.840 28405 28405 I chromium: [INFO:CONSOLE(0)] "Application Cache Checking event", source: http://mobads.baidu.com/ads/index.htm (0)
12-20 14:35:40.990   133   133 E v_hwc   : overlay_compose_check_ddr_freq: K3FB_OVC_CHECK_DDR_FREQ failed!
12-20 14:35:41.080  1048  1058 I HwSystemManager: HoldService:mRequestCount =  1
12-20 14:35:41.080  1048  1058 I HwSystemManager: HoldService:preHoldShow start!
12-20 14:35:41.080  1048  1058 I HwSystemManager: HoldService:The prePermissionType is: 1
12-20 14:35:41.080  1048  5992 I HwSystemManager: HoldService:mRequestCount =  1
12-20 14:35:41.090  1048  5992 I HwSystemManager: HoldService:preHoldShow start!
12-20 14:35:41.090  1048  5992 I HwSystemManager: HoldService:The prePermissionType is: 1
12-20 14:35:41.090  1048  9574 I HwSystemManager: HoldService:mRequestCount =  1
12-20 14:35:41.090  1048  9574 I HwSystemManager: HoldService:preHoldShow start!
12-20 14:35:41.090  1048  9574 I HwSystemManager: HoldService:The prePermissionType is: 1
12-20 14:35:41.110  1048  1156 I HwSystemManager: HoldService:mRequestCount =  1
12-20 14:35:41.110  1048  1156 I HwSystemManager: HoldService:preHoldShow start!
12-20 14:35:41.110  1048  1156 I HwSystemManager: HoldService:The prePermissionType is: 1
12-20 14:35:41.120 28405 28602 I Mobads SDK:  Request_ID = 30c76d104a118fb83396969530cd8870; AppID = a9b34ae9; AdPlaceId = 
12-20 14:35:41.120  1048  1058 I HwSystemManager: HoldService:mRequestCount =  1
12-20 14:35:41.130  1048  1058 I HwSystemManager: HoldService:preHoldShow start!
12-20 14:35:41.130  1048  1058 I HwSystemManager: HoldService:The prePermissionType is: 1
12-20 14:35:41.130  1048  5992 I HwSystemManager: HoldService:mRequestCount =  1
12-20 14:35:41.130  1048  5992 I HwSystemManager: HoldService:preHoldShow start!
12-20 14:35:41.130  1048  5992 I HwSystemManager: HoldService:The prePermissionType is: 1
12-20 14:35:41.150 28405 28405 I chromium: [INFO:CONSOLE(0)] "Application Cache NoUpdate event", source: http://mobads.baidu.com/ads/index.htm (0)
12-20 14:35:41.150 28405 28405 I chromium: [INFO:CONSOLE(0)] "Application Cache NoUpdate event", source: http://mobads.baidu.com/ads/index.htm (0)
12-20 14:35:41.150 28405 28405 I chromium: [INFO:CONSOLE(0)] "Application Cache NoUpdate event", source: http://mobads.baidu.com/ads/index.htm (0)
12-20 14:35:41.150 28405 28405 I chromium: [INFO:CONSOLE(0)] "Application Cache NoUpdate event", source: http://mobads.baidu.com/ads/index.htm (0)
12-20 14:35:41.240   133   133 E v_hwc   : overlay_compose_check_ddr_freq: K3FB_OVC_CHECK_DDR_FREQ failed!
12-20 14:35:41.510   133   133 E v_hwc   : overlay_compose_check_ddr_freq: K3FB_OVC_CHECK_DDR_FREQ failed!
12-20 14:35:41.570   574   618 E WifiHW  : wifi_send_command ret:0
12-20 14:35:41.720   133   133 E v_hwc   : overlay_compose_check_ddr_freq: K3FB_OVC_CHECK_DDR_FREQ failed!
12-20 14:35:41.890   133   133 E v_hwc   : overlay_compose_check_ddr_freq: K3FB_OVC_CHECK_DDR_FREQ failed!
12-20 14:35:44.420   141   165 E logserver: Recvfrom netlink message failed, errno = 11
12-20 14:35:44.580   574   618 E WifiHW  : wifi_send_command ret:0
12-20 14:35:45.040   133   133 E v_hwc   : overlay_compose_check_ddr_freq: K3FB_OVC_CHECK_DDR_FREQ failed!
12-20 14:35:45.800  3599  3599 I SUPL20_LocMan: Phone type:GSM
12-20 14:35:45.800  3599  3599 I SUPL20_LocMan: Network Op Mnc= 0 MCC = 460
12-20 14:35:45.800  3599  3599 I SUPL20_LocMan:  cellInfo NetworkType:EDGE,2
12-20 14:35:45.800  3599  3599 I SUPL20_LocMan: Mnc:0 MCC:460 LAC:4136 CellID:48807
12-20 14:35:45.800  3599  3707 I SUPL20_SPIMESLP-SENDING: m_bPacket.length 60
12-20 14:35:45.810  1048  5992 I HwSystemManager: HoldService:mRequestCount =  1
12-20 14:35:45.820  1048  5992 I HwSystemManager: HoldService:preHoldShow start!
12-20 14:35:45.820  1048  5992 I HwSystemManager: HoldService:The prePermissionType is: 1
12-20 14:35:46.060   133   133 E v_hwc   : overlay_compose_check_ddr_freq: K3FB_OVC_CHECK_DDR_FREQ failed!
12-20 14:35:47.600   574   618 E WifiHW  : wifi_send_command ret:0
12-20 14:35:49.090   133   133 E v_hwc   : overlay_compose_check_ddr_freq: K3FB_OVC_CHECK_DDR_FREQ failed!
12-20 14:35:50.130   133   133 E v_hwc   : overlay_compose_check_ddr_freq: K3FB_OVC_CHECK_DDR_FREQ failed!
12-20 14:35:50.600   574   618 E WifiHW  : wifi_send_command ret:0
12-20 14:35:51.160   133   133 E v_hwc   : overlay_compose_check_ddr_freq: K3FB_OVC_CHECK_DDR_FREQ failed!
12-20 14:35:52.190   133   133 E v_hwc   : overlay_compose_check_ddr_freq: K3FB_OVC_CHECK_DDR_FREQ failed!
12-20 14:35:53.620   574   618 E WifiHW  : wifi_send_command ret:0
12-20 14:35:55.210   133   133 E v_hwc   : overlay_compose_check_ddr_freq: K3FB_OVC_CHECK_DDR_FREQ failed!
12-20 14:35:56.240   133   133 E v_hwc   : overlay_compose_check_ddr_freq: K3FB_OVC_CHECK_DDR_FREQ failed!
12-20 14:35:56.630   574   618 E WifiHW  : wifi_send_command ret:0
12-20 14:35:58.280   133   133 E v_hwc   : overlay_compose_check_ddr_freq: K3FB_OVC_CHECK_DDR_FREQ failed!
12-20 14:35:58.710 28301   380 W Uploader: No account for auth token provided
12-20 14:35:59.310   133   133 E v_hwc   : overlay_compose_check_ddr_freq: K3FB_OVC_CHECK_DDR_FREQ failed!
12-20 14:35:59.640   574   618 E WifiHW  : wifi_send_command ret:0
12-20 14:36:00.090   133   133 E v_hwc   : overlay_compose_check_ddr_freq: K3FB_OVC_CHECK_DDR_FREQ failed!
12-20 14:36:01.530   574   834 W System.err: java.lang.IllegalArgumentException
12-20 14:36:01.530   574   834 W System.err: 	at com.android.server.MountService.getVolumeState(MountService.java:1718)
12-20 14:36:01.530   574   834 W System.err: 	at android.os.storage.IMountService$Stub.onTransact(IMountService.java:943)
12-20 14:36:01.530   574   834 W System.err: 	at android.os.Binder.execTransact(Binder.java:404)
12-20 14:36:01.530   574   834 W System.err: 	at dalvik.system.NativeStart.run(Native Method)
12-20 14:36:01.530   574  8874 W System.err: java.lang.IllegalArgumentException
12-20 14:36:01.530   574  8874 W System.err: 	at com.android.server.MountService.getVolumeState(MountService.java:1718)
12-20 14:36:01.530   574  8874 W System.err: 	at android.os.storage.IMountService$Stub.onTransact(IMountService.java:943)
12-20 14:36:01.530   574  8874 W System.err: 	at android.os.Binder.execTransact(Binder.java:404)
12-20 14:36:01.530   574  8874 W System.err: 	at dalvik.system.NativeStart.run(Native Method)
12-20 14:36:01.530   574   626 W System.err: java.lang.IllegalArgumentException
12-20 14:36:01.530   574   626 W System.err: 	at com.android.server.MountService.getVolumeState(MountService.java:1718)
12-20 14:36:01.530   574   626 W System.err: 	at android.os.storage.IMountService$Stub.onTransact(IMountService.java:943)
12-20 14:36:01.530   574   626 W System.err: 	at android.os.Binder.execTransact(Binder.java:404)
12-20 14:36:01.530   574   626 W System.err: 	at dalvik.system.NativeStart.run(Native Method)
12-20 14:36:01.540   574   704 W System.err: java.lang.IllegalArgumentException
12-20 14:36:01.540   574   704 W System.err: 	at com.android.server.MountService.getVolumeState(MountService.java:1718)
12-20 14:36:01.540   574   704 W System.err: 	at android.os.storage.IMountService$Stub.onTransact(IMountService.java:943)
12-20 14:36:01.540   574   704 W System.err: 	at android.os.Binder.execTransact(Binder.java:404)
12-20 14:36:01.540   574   704 W System.err: 	at dalvik.system.NativeStart.run(Native Method)
12-20 14:36:01.540   574   855 W System.err: java.lang.IllegalArgumentException
12-20 14:36:01.540   574   855 W System.err: 	at com.android.server.MountService.getVolumeState(MountService.java:1718)
12-20 14:36:01.540   574   855 W System.err: 	at android.os.storage.IMountService$Stub.onTransact(IMountService.java:943)
12-20 14:36:01.540   574   855 W System.err: 	at android.os.Binder.execTransact(Binder.java:404)
12-20 14:36:01.540   574   855 W System.err: 	at dalvik.system.NativeStart.run(Native Method)
12-20 14:36:01.540   574 10507 W System.err: java.lang.IllegalArgumentException
12-20 14:36:01.540   574 10507 W System.err: 	at com.android.server.MountService.getVolumeState(MountService.java:1718)
12-20 14:36:01.540   574 10507 W System.err: 	at android.os.storage.IMountService$Stub.onTransact(IMountService.java:943)
12-20 14:36:01.540   574 10507 W System.err: 	at android.os.Binder.execTransact(Binder.java:404)
12-20 14:36:01.540   574 10507 W System.err: 	at dalvik.system.NativeStart.run(Native Method)
12-20 14:36:01.540   574   585 W System.err: java.lang.IllegalArgumentException
12-20 14:36:01.540   574   585 W System.err: 	at com.android.server.MountService.getVolumeState(MountService.java:1718)
12-20 14:36:01.540   574   585 W System.err: 	at android.os.storage.IMountService$Stub.onTransact(IMountService.java:943)
12-20 14:36:01.540   574   585 W System.err: 	at android.os.Binder.execTransact(Binder.java:404)
12-20 14:36:01.540   574   585 W System.err: 	at dalvik.system.NativeStart.run(Native Method)
12-20 14:36:01.540   574   697 W System.err: java.lang.IllegalArgumentException
12-20 14:36:01.540   574   697 W System.err: 	at com.android.server.MountService.getVolumeState(MountService.java:1718)
12-20 14:36:01.540   574   697 W System.err: 	at android.os.storage.IMountService$Stub.onTransact(IMountService.java:943)
12-20 14:36:01.540   574   697 W System.err: 	at android.os.Binder.execTransact(Binder.java:404)
12-20 14:36:01.540   574   697 W System.err: 	at dalvik.system.NativeStart.run(Native Method)
12-20 14:36:01.540   574   857 W System.err: java.lang.IllegalArgumentException
12-20 14:36:01.540   574   857 W System.err: 	at com.android.server.MountService.getVolumeState(MountService.java:1718)
12-20 14:36:01.540   574   857 W System.err: 	at android.os.storage.IMountService$Stub.onTransact(IMountService.java:943)
12-20 14:36:01.540   574   857 W System.err: 	at android.os.Binder.execTransact(Binder.java:404)
12-20 14:36:01.540   574   857 W System.err: 	at dalvik.system.NativeStart.run(Native Method)
12-20 14:36:01.540   574   835 W System.err: java.lang.IllegalArgumentException
12-20 14:36:01.540   574   835 W System.err: 	at com.android.server.MountService.getVolumeState(MountService.java:1718)
12-20 14:36:01.540   574   835 W System.err: 	at android.os.storage.IMountService$Stub.onTransact(IMountService.java:943)
12-20 14:36:01.540   574   835 W System.err: 	at android.os.Binder.execTransact(Binder.java:404)
12-20 14:36:01.540   574   835 W System.err: 	at dalvik.system.NativeStart.run(Native Method)
12-20 14:36:01.550   574   584 W System.err: java.lang.IllegalArgumentException
12-20 14:36:01.550   574   584 W System.err: 	at com.android.server.MountService.getVolumeState(MountService.java:1718)
